// Jest Snapshot v1, https://goo.gl/fbAQLP

exports[`renders correctly 1`] = `
<section
  className="featured-rooms"
>
  <div
    className="section-title"
  >
    <h4>
      featured rooms
    </h4>
    <div />
  </div>
  <div
    className="featured-rooms-center"
  >
    <div
      className="loading"
    >
      <h4>
        rooms data loading ...
      </h4>
      <img
        alt="loading gif"
        src={
          Object {
            "process": [Function],
          }
        }
      />
    </div>
  </div>
</section>
`;
